../Drivers/STM32L4xx_HAL_Driver/Inc/stm32l4xx_ll_spi.h:371:22:LL_SPI_Enable	16	static
../Drivers/STM32L4xx_HAL_Driver/Inc/stm32l4xx_ll_spi.h:439:22:LL_SPI_SetStandard	16	static
../Drivers/STM32L4xx_HAL_Driver/Inc/stm32l4xx_ll_spi.h:875:22:LL_SPI_EnableNSSPulseMgt	16	static
../Drivers/STM32L4xx_HAL_Driver/Inc/stm32l4xx_ll_spi.h:929:26:LL_SPI_IsActiveFlag_TXE	16	static
../Drivers/STM32L4xx_HAL_Driver/Inc/stm32l4xx_ll_spi.h:980:26:LL_SPI_IsActiveFlag_BSY	16	static
../Drivers/STM32L4xx_HAL_Driver/Inc/stm32l4xx_ll_spi.h:1061:22:LL_SPI_ClearFlag_OVR	24	static
../Drivers/STM32L4xx_HAL_Driver/Inc/stm32l4xx_ll_spi.h:1371:22:LL_SPI_TransmitData8	24	static
../Drivers/STM32L4xx_HAL_Driver/Inc/stm32l4xx_ll_bus.h:563:22:LL_AHB2_GRP1_EnableClock	24	static
../Drivers/STM32L4xx_HAL_Driver/Inc/stm32l4xx_ll_bus.h:1673:22:LL_APB2_GRP1_EnableClock	24	static
../Core/Src/main.c:70:5:main	16	static
../Core/Src/main.c:123:6:SystemClock_Config	96	static
../Core/Src/main.c:184:13:MX_ADC1_Init	32	static
../Core/Src/main.c:242:13:MX_SPI1_Init	72	static
../Core/Src/main.c:297:13:MX_USART2_UART_Init	8	static
../Core/Src/main.c:332:13:MX_GPIO_Init	40	static
../Core/Src/main.c:360:13:SPI1_WriteByte	16	static
../Core/Src/main.c:372:6:Error_Handler	4	static,ignoring_inline_asm
