../Drivers/STM32L4xx_HAL_Driver/Inc/stm32l4xx_ll_spi.h:371:22:LL_SPI_Enable	16	static
../Drivers/STM32L4xx_HAL_Driver/Inc/stm32l4xx_ll_spi.h:439:22:LL_SPI_SetStandard	16	static
../Drivers/STM32L4xx_HAL_Driver/Inc/stm32l4xx_ll_spi.h:875:22:LL_SPI_EnableNSSPulseMgt	16	static
../Drivers/STM32L4xx_HAL_Driver/Inc/stm32l4xx_ll_spi.h:929:26:LL_SPI_IsActiveFlag_TXE	16	static
../Drivers/STM32L4xx_HAL_Driver/Inc/stm32l4xx_ll_spi.h:980:26:LL_SPI_IsActiveFlag_BSY	16	static
../Drivers/STM32L4xx_HAL_Driver/Inc/stm32l4xx_ll_spi.h:1061:22:LL_SPI_ClearFlag_OVR	24	static
../Drivers/STM32L4xx_HAL_Driver/Inc/stm32l4xx_ll_spi.h:1371:22:LL_SPI_TransmitData8	24	static
../Drivers/STM32L4xx_HAL_Driver/Inc/stm32l4xx_ll_bus.h:563:22:LL_AHB2_GRP1_EnableClock	24	static
../Drivers/STM32L4xx_HAL_Driver/Inc/stm32l4xx_ll_bus.h:1673:22:LL_APB2_GRP1_EnableClock	24	static
../Core/Src/main.c:74:5:main	8	static
../Core/Src/main.c:131:6:SystemClock_Config	96	static
../Core/Src/main.c:192:13:MX_ADC1_Init	32	static
../Core/Src/main.c:250:13:MX_SPI1_Init	72	static
../Core/Src/main.c:305:13:MX_TIM1_Init	40	static
../Core/Src/main.c:352:13:MX_USART2_UART_Init	8	static
../Core/Src/main.c:387:13:MX_GPIO_Init	40	static
../Core/Src/main.c:415:13:SPI1_WriteByte	16	static
../Core/Src/main.c:422:6:HAL_ADC_ConvCpltCallback	24	static
../Core/Src/main.c:433:6:Error_Handler	4	static,ignoring_inline_asm
