../Drivers/STM32L4xx_HAL_Driver/Inc/stm32l4xx_ll_spi.h:439:22:LL_SPI_SetStandard	1
../Drivers/STM32L4xx_HAL_Driver/Inc/stm32l4xx_ll_spi.h:887:22:LL_SPI_DisableNSSPulseMgt	1
../Drivers/STM32L4xx_HAL_Driver/Inc/stm32l4xx_ll_spi.h:918:26:LL_SPI_IsActiveFlag_RXNE	2
../Drivers/STM32L4xx_HAL_Driver/Inc/stm32l4xx_ll_spi.h:1359:26:LL_SPI_ReceiveData16	1
../Drivers/STM32L4xx_HAL_Driver/Inc/stm32l4xx_ll_bus.h:563:22:LL_AHB2_GRP1_EnableClock	1
../Drivers/STM32L4xx_HAL_Driver/Inc/stm32l4xx_ll_bus.h:1673:22:LL_APB2_GRP1_EnableClock	1
../Core/Src/main.c:74:5:main	18
../Core/Src/main.c:228:6:SystemClock_Config	4
../Core/Src/main.c:289:13:MX_SPI1_Init	1
../Core/Src/main.c:343:13:MX_TIM16_Init	2
../Core/Src/main.c:375:13:MX_USART2_UART_Init	2
../Core/Src/main.c:410:13:MX_GPIO_Init	1
../Core/Src/main.c:444:17:SPI1_Read10Bits	2
../Core/Src/main.c:454:6:Error_Handler	1
