18:16:02 **** Incremental Build of configuration Debug for project STM1 ****
make -j12 all 
arm-none-eabi-gcc "../Core/Src/main.c" -mcpu=cortex-m4 -std=gnu11 -g3 -DDEBUG -DUSE_HAL_DRIVER -DSTM32L432xx -DUSE_FULL_LL_DRIVER -c -I../Core/Inc -I../Drivers/STM32L4xx_HAL_Driver/Inc -I../Drivers/STM32L4xx_HAL_Driver/Inc/Legacy -I../Drivers/CMSIS/Device/ST/STM32L4xx/Include -I../Drivers/CMSIS/Include -O0 -ffunction-sections -fdata-sections -Wall -fstack-usage -fcyclomatic-complexity -MMD -MP -MF"Core/Src/main.d" -MT"Core/Src/main.o" --specs=nano.specs -mfpu=fpv4-sp-d16 -mfloat-abi=hard -mthumb -o "Core/Src/main.o"
../Core/Src/main.c: In function 'HAL_ADC_ConvCpltCallback':
../Core/Src/main.c:425:11: warning: implicit declaration of function 'sprintf' [-Wimplicit-function-declaration]
  425 |           sprintf(buffer,"%d\r\n",sampledValue);
      |           ^~~~~~~
../Core/Src/main.c:21:1: note: include '<stdio.h>' or provide a declaration of 'sprintf'
   20 | #include "main.h"
  +++ |+#include <stdio.h>
   21 | 
../Core/Src/main.c:425:11: warning: incompatible implicit declaration of built-in function 'sprintf' [-Wbuiltin-declaration-mismatch]
  425 |           sprintf(buffer,"%d\r\n",sampledValue);
      |           ^~~~~~~
../Core/Src/main.c:425:11: note: include '<stdio.h>' or provide a declaration of 'sprintf'
../Core/Src/main.c:426:37: warning: pointer targets in passing argument 2 of 'HAL_UART_Transmit' differ in signedness [-Wpointer-sign]
  426 |           HAL_UART_Transmit(&huart2,buffer,8,HAL_MAX_DELAY);
      |                                     ^~~~~~
      |                                     |
      |                                     char *
In file included from ../Core/Inc/stm32l4xx_hal_conf.h:450,
                 from ../Drivers/STM32L4xx_HAL_Driver/Inc/stm32l4xx_hal.h:29,
                 from ../Core/Inc/main.h:30,
                 from ../Core/Src/main.c:20:
../Drivers/STM32L4xx_HAL_Driver/Inc/stm32l4xx_hal_uart.h:1694:79: note: expected 'const uint8_t *' {aka 'const unsigned char *'} but argument is of type 'char *'
 1694 | HAL_StatusTypeDef HAL_UART_Transmit(UART_HandleTypeDef *huart, const uint8_t *pData, uint16_t Size, uint32_t Timeout);
      |                                                                ~~~~~~~~~~~~~~~^~~~~
../Core/Src/main.c: At top level:
../Core/Src/main.c:415:13: warning: 'SPI1_Write2Bytes' defined but not used [-Wunused-function]
  415 | static void SPI1_Write2Bytes(uint16_t tx_bytes){
      |             ^~~~~~~~~~~~~~~~
arm-none-eabi-gcc -o "STM1.elf" @"objects.list"   -mcpu=cortex-m4 -T"C:\Users\Jacob\STM32CubeIDE\workspace_1.18.0\ECE2071-Project\STM1\STM32L432KCUX_FLASH.ld" --specs=nosys.specs -Wl,-Map="STM1.map" -Wl,--gc-sections -static --specs=nano.specs -mfpu=fpv4-sp-d16 -mfloat-abi=hard -mthumb -Wl,--start-group -lc -lm -Wl,--end-group
Finished building target: STM1.elf
 
arm-none-eabi-size  STM1.elf 
arm-none-eabi-objdump -h -S STM1.elf  > "STM1.list"
   text	   data	    bss	    dec	    hex	filename
  24112	     92	   2212	  26416	   6730	STM1.elf
Finished building: default.size.stdout
 
Finished building: STM1.list
 

18:16:02 Build Finished. 0 errors, 4 warnings. (took 586ms)

